--- Setting up Test Agents ---
Updated agent department: agent1_it@example.com -> IT Support
Updated agent department: agent2_it@example.com -> IT Support
Updated agent department: agent1_finance@example.com -> Finance

--- Testing Auto-Assignment ---
node : Γ¥î ERROR 
Message: 
At line:1 char:1
+ node 
verify_assignment.js 
> test_output.txt 
2>&1
+ ~~~~~~~~~~~~~~~~~~~
~~~~~~~~~~~~~~~~~~~~~
~~~~~~~~
    + CategoryInfo   
           : NotSpe  
  cified: (Γ¥î ERR   
 OR Message: :Str    
ing) [], RemoteE    
xception
    + FullyQualified 
   ErrorId : Native  
  CommandError
 
